Warning: Cell contains tie connections which are not connected to real PG. (ZRT-511)
Warning: Ignore contact DIFFCON. (ZRT-015)
Turn off antenna since no rule is specified
Cell Min-Routing-Layer = M1
Cell Max-Routing-Layer = M9
Warning: Ignore 2 top cell ports with no pins. (ZRT-027)
Skipping 1 internal pins that are not physical. Set route.common.verbose_level to > 0 and run routing command to get skipped pin names.
Info: number of net_type_blockage: 0 
Warning: Contact VIA89's lower layer enclosure width does not satisfy end of line enclosure design rule. (ZRT-042)
Warning: Contact VIA89's upper layer enclosure width does not satisfy end of line enclosure design rule. (ZRT-042)
Warning: Contact VIA89's lower layer enclosure height does not satisfy end of line enclosure design rule. (ZRT-042)
Warning: Contact VIA89's upper layer enclosure height does not satisfy end of line enclosure design rule. (ZRT-042)
Warning: Contact VIA89C's lower layer enclosure height does not satisfy end of line enclosure design rule. (ZRT-042)
Warning: Contact VIA89C's upper layer enclosure width does not satisfy end of line enclosure design rule. (ZRT-042)
Warning: Contact VIA89C's lower layer enclosure width does not satisfy end of line enclosure design rule. (ZRT-042)
Warning: Contact VIA89C's upper layer enclosure height does not satisfy end of line enclosure design rule. (ZRT-042)
Via on layer (CO) needs more than one tracks
Warning: Layer M1 pitch 0.320 may be too small: wire/via-down 0.325, wire/via-up 0.290. (ZRT-026)
Via on layer (VIA2) needs more than one tracks
Warning: Layer M2 pitch 0.320 may be too small: wire/via-down 0.320, wire/via-up 0.360. (ZRT-026)


Start checking for open nets ... 

Total number of nets = 2700, of which 0 are not extracted
Total number of open nets = 0, of which 0 are frozen

Check 2700 nets, 0 have Errors

[CHECK OPEN NETS] Elapsed real time: 0:00:00 
[CHECK OPEN NETS] Elapsed cpu  time: sys=0:00:00 usr=0:00:00 total=0:00:00
[CHECK OPEN NETS] Stage (MB): Used    0  Alloctr    0  Proc    0 
[CHECK OPEN NETS] Total (MB): Used   75  Alloctr   77  Proc 1946 
Printing options for 'route.common.*'
common.verbose_level                                    :	 0                   

Printing options for 'route.detail.*'
detail.antenna                                          :	 true                
detail.force_end_on_preferred_grid                      :	 true                

Printing options for 'route.auto_via_ladder.*'


Begin full DRC check ...

Information: Using 6 threads for routing. (ZRT-444)
Checked	1/9 Partitions, Violations =	0
Checked	2/9 Partitions, Violations =	0
Checked	3/9 Partitions, Violations =	0
Checked	4/9 Partitions, Violations =	0
Checked	5/9 Partitions, Violations =	0
Checked	6/9 Partitions, Violations =	0
Checked	7/9 Partitions, Violations =	0
Checked	8/9 Partitions, Violations =	0
Checked	9/9 Partitions, Violations =	0
[DRC CHECK] Elapsed real time: 0:00:00 
[DRC CHECK] Elapsed cpu  time: sys=0:00:00 usr=0:00:00 total=0:00:00
[DRC CHECK] Stage (MB): Used    0  Alloctr    0  Proc    0 
[DRC CHECK] Total (MB): Used   90  Alloctr   92  Proc 1946 
Warning: No antenna rules defined, Skip antenna analysis. (ZRT-309)

DRC-SUMMARY:
	@@@@@@@ TOTAL VIOLATIONS =	0


Total Wire Length =                    93404 micron
Total Number of Contacts =             22354
Total Number of Wires =                24186
Total Number of PtConns =              1865
Total Number of Routed Wires =       24186
Total Routed Wire Length =           93029 micron
Total Number of Routed Contacts =       22354
	Layer          M1 :       1303 micron
	Layer          M2 :      38293 micron
	Layer          M3 :      31558 micron
	Layer          M4 :      10824 micron
	Layer          M5 :       9052 micron
	Layer          M6 :        486 micron
	Layer          M7 :       1888 micron
	Layer          M8 :          0 micron
	Layer          M9 :          0 micron
	Via   VIA67C(rot) :         99
	Via        VIA56C :        114
	Via        VIA45C :          6
	Via   VIA45C(rot) :        981
	Via        VIA34C :       2118
	Via   VIA23C(rot) :       9782
	Via        VIA12C :       6755
	Via   VIA12C(rot) :         24
	Via        VIA12B :       2393
	Via   VIA12B(rot) :         82

 
Redundant via conversion report:
--------------------------------

  Total optimized via conversion rate =  0.00% (0 / 22354 vias)
 
    Layer VIA1       =  0.00% (0      / 9254    vias)
        Un-optimized =  0.00% (0       vias)
        Un-mapped    = 100.00% (9254    vias)
    Layer VIA2       =  0.00% (0      / 9782    vias)
        Un-optimized =  0.00% (0       vias)
        Un-mapped    = 100.00% (9782    vias)
    Layer VIA3       =  0.00% (0      / 2118    vias)
        Un-optimized =  0.00% (0       vias)
        Un-mapped    = 100.00% (2118    vias)
    Layer VIA4       =  0.00% (0      / 987     vias)
        Un-optimized =  0.00% (0       vias)
        Un-mapped    = 100.00% (987     vias)
    Layer VIA5       =  0.00% (0      / 114     vias)
        Un-optimized =  0.00% (0       vias)
        Un-mapped    = 100.00% (114     vias)
    Layer VIA6       =  0.00% (0      / 99      vias)
        Un-optimized =  0.00% (0       vias)
        Un-mapped    = 100.00% (99      vias)
 
  Total double via conversion rate    =  0.00% (0 / 22354 vias)
 
    Layer VIA1       =  0.00% (0      / 9254    vias)
    Layer VIA2       =  0.00% (0      / 9782    vias)
    Layer VIA3       =  0.00% (0      / 2118    vias)
    Layer VIA4       =  0.00% (0      / 987     vias)
    Layer VIA5       =  0.00% (0      / 114     vias)
    Layer VIA6       =  0.00% (0      / 99      vias)
 
  The optimized via conversion rate based on total routed via count =  0.00% (0 / 22354 vias)
 
    Layer VIA1       =  0.00% (0      / 9254    vias)
        Un-optimized =  0.00% (0       vias)
        Un-mapped    = 100.00% (9254    vias)
    Layer VIA2       =  0.00% (0      / 9782    vias)
        Un-optimized =  0.00% (0       vias)
        Un-mapped    = 100.00% (9782    vias)
    Layer VIA3       =  0.00% (0      / 2118    vias)
        Un-optimized =  0.00% (0       vias)
        Un-mapped    = 100.00% (2118    vias)
    Layer VIA4       =  0.00% (0      / 987     vias)
        Un-optimized =  0.00% (0       vias)
        Un-mapped    = 100.00% (987     vias)
    Layer VIA5       =  0.00% (0      / 114     vias)
        Un-optimized =  0.00% (0       vias)
        Un-mapped    = 100.00% (114     vias)
    Layer VIA6       =  0.00% (0      / 99      vias)
        Un-optimized =  0.00% (0       vias)
        Un-mapped    = 100.00% (99      vias)
 


Verify Summary:

Total number of nets = 2700, of which 0 are not extracted
Total number of open nets = 0, of which 0 are frozen
Total number of excluded ports = 0 ports of 0 unplaced cells connected to 0 nets
                                 0 ports without pins of 0 cells connected to 0 nets
                                 0 ports of 0 cover cells connected to 0 non-pg nets
Total number of DRCs = 0
Total number of antenna violations = no antenna rules defined
Total number of tie to rail violations = not checked
Total number of tie to rail directly violations = not checked


